<testsuites id="" name="" tests="5" failures="5" skipped="0" errors="0" time="7.575665">
<testsuite name="login.spec.ts" timestamp="2026-04-09T05:53:28.707Z" hostname="chromium" tests="5" failures="5" skipped="0" time="0.412" errors="0">
<testcase name="API connectivity pre-checks › backend health endpoint is reachable" classname="login.spec.ts" time="0.085">
<system-out>
<![CDATA[
[[ATTACHMENT|artifacts/login-API-connectivity-pre-8a527-ealth-endpoint-is-reachable-chromium/error-context.md]]

[[ATTACHMENT|artifacts/login-API-connectivity-pre-8a527-ealth-endpoint-is-reachable-chromium-retry1/error-context.md]]

[[ATTACHMENT|artifacts/login-API-connectivity-pre-8a527-ealth-endpoint-is-reachable-chromium-retry1/trace.zip]]
]]>
</system-out>
<failure message="expect(received).toBe(expected) // Object.is equality" type="expect.toBe">
<![CDATA[  [chromium] › login.spec.ts:34:7 › API connectivity pre-checks › backend health endpoint is reachable 

    Error: expect(received).toBe(expected) // Object.is equality

    Expected: 200
    Received: 404

      35 |     const ctx = await request.newContext({ baseURL: API_URL });
      36 |     const response = await ctx.get('/health');
    > 37 |     expect(response.status()).toBe(200);
         |                               ^
      38 |     const body = await response.json();
      39 |     expect(body).toHaveProperty('status');
      40 |     await ctx.dispose();
        at /Users/gautam/Desktop/SG ALL/DemoApp/relay-server-nodejs/e2e/tests/login.spec.ts:37:31

    Error Context: ../../test-results/artifacts/login-API-connectivity-pre-8a527-ealth-endpoint-is-reachable-chromium/error-context.md

    Retry #1 ───────────────────────────────────────────────────────────────────────────────────────

    Error: expect(received).toBe(expected) // Object.is equality

    Expected: 200
    Received: 404

      35 |     const ctx = await request.newContext({ baseURL: API_URL });
      36 |     const response = await ctx.get('/health');
    > 37 |     expect(response.status()).toBe(200);
         |                               ^
      38 |     const body = await response.json();
      39 |     expect(body).toHaveProperty('status');
      40 |     await ctx.dispose();
        at /Users/gautam/Desktop/SG ALL/DemoApp/relay-server-nodejs/e2e/tests/login.spec.ts:37:31

    Error Context: ../../test-results/artifacts/login-API-connectivity-pre-8a527-ealth-endpoint-is-reachable-chromium-retry1/error-context.md

    attachment #2: trace (application/zip) ─────────────────────────────────────────────────────────
    ../../test-results/artifacts/login-API-connectivity-pre-8a527-ealth-endpoint-is-reachable-chromium-retry1/trace.zip
    Usage:

        npx playwright show-trace ../../test-results/artifacts/login-API-connectivity-pre-8a527-ealth-endpoint-is-reachable-chromium-retry1/trace.zip

    ────────────────────────────────────────────────────────────────────────────────────────────────
]]>
</failure>
</testcase>
<testcase name="API connectivity pre-checks › login endpoint returns 400 for empty body" classname="login.spec.ts" time="0.087">
<system-out>
<![CDATA[
[[ATTACHMENT|artifacts/login-API-connectivity-pre-9963b--returns-400-for-empty-body-chromium/error-context.md]]

[[ATTACHMENT|artifacts/login-API-connectivity-pre-9963b--returns-400-for-empty-body-chromium-retry1/error-context.md]]

[[ATTACHMENT|artifacts/login-API-connectivity-pre-9963b--returns-400-for-empty-body-chromium-retry1/trace.zip]]
]]>
</system-out>
<failure message="expect(received).toBe(expected) // Object.is equality" type="expect.toBe">
<![CDATA[  [chromium] › login.spec.ts:43:7 › API connectivity pre-checks › login endpoint returns 400 for empty body 

    Error: expect(received).toBe(expected) // Object.is equality

    Expected: 400
    Received: 404

      45 |     const response = await ctx.post('/auth/login', { data: {} });
      46 |     // Joi validation returns 400 for missing required fields
    > 47 |     expect(response.status()).toBe(400);
         |                               ^
      48 |     await ctx.dispose();
      49 |   });
      50 |
        at /Users/gautam/Desktop/SG ALL/DemoApp/relay-server-nodejs/e2e/tests/login.spec.ts:47:31

    Error Context: ../../test-results/artifacts/login-API-connectivity-pre-9963b--returns-400-for-empty-body-chromium/error-context.md

    Retry #1 ───────────────────────────────────────────────────────────────────────────────────────

    Error: expect(received).toBe(expected) // Object.is equality

    Expected: 400
    Received: 404

      45 |     const response = await ctx.post('/auth/login', { data: {} });
      46 |     // Joi validation returns 400 for missing required fields
    > 47 |     expect(response.status()).toBe(400);
         |                               ^
      48 |     await ctx.dispose();
      49 |   });
      50 |
        at /Users/gautam/Desktop/SG ALL/DemoApp/relay-server-nodejs/e2e/tests/login.spec.ts:47:31

    Error Context: ../../test-results/artifacts/login-API-connectivity-pre-9963b--returns-400-for-empty-body-chromium-retry1/error-context.md

    attachment #2: trace (application/zip) ─────────────────────────────────────────────────────────
    ../../test-results/artifacts/login-API-connectivity-pre-9963b--returns-400-for-empty-body-chromium-retry1/trace.zip
    Usage:

        npx playwright show-trace ../../test-results/artifacts/login-API-connectivity-pre-9963b--returns-400-for-empty-body-chromium-retry1/trace.zip

    ────────────────────────────────────────────────────────────────────────────────────────────────
]]>
</failure>
</testcase>
<testcase name="API connectivity pre-checks › login endpoint returns 401 for wrong password" classname="login.spec.ts" time="0.081">
<system-out>
<![CDATA[
[[ATTACHMENT|artifacts/login-API-connectivity-pre-c6bdd-urns-401-for-wrong-password-chromium/error-context.md]]

[[ATTACHMENT|artifacts/login-API-connectivity-pre-c6bdd-urns-401-for-wrong-password-chromium-retry1/error-context.md]]

[[ATTACHMENT|artifacts/login-API-connectivity-pre-c6bdd-urns-401-for-wrong-password-chromium-retry1/trace.zip]]
]]>
</system-out>
<failure message="expect(received).toBe(expected) // Object.is equality" type="expect.toBe">
<![CDATA[  [chromium] › login.spec.ts:51:7 › API connectivity pre-checks › login endpoint returns 401 for wrong password 

    Error: expect(received).toBe(expected) // Object.is equality

    Expected: 401
    Received: 404

      54 |       data: { email: VALID_EMAIL, password: 'totally_wrong_password' },
      55 |     });
    > 56 |     expect(response.status()).toBe(401);
         |                               ^
      57 |     const body = await response.json();
      58 |     // Server returns { success: false, error: 'Invalid email or password' }
      59 |     expect(body.error ?? body.message).toMatch(/invalid email or password/i);
        at /Users/gautam/Desktop/SG ALL/DemoApp/relay-server-nodejs/e2e/tests/login.spec.ts:56:31

    Error Context: ../../test-results/artifacts/login-API-connectivity-pre-c6bdd-urns-401-for-wrong-password-chromium/error-context.md

    Retry #1 ───────────────────────────────────────────────────────────────────────────────────────

    Error: expect(received).toBe(expected) // Object.is equality

    Expected: 401
    Received: 404

      54 |       data: { email: VALID_EMAIL, password: 'totally_wrong_password' },
      55 |     });
    > 56 |     expect(response.status()).toBe(401);
         |                               ^
      57 |     const body = await response.json();
      58 |     // Server returns { success: false, error: 'Invalid email or password' }
      59 |     expect(body.error ?? body.message).toMatch(/invalid email or password/i);
        at /Users/gautam/Desktop/SG ALL/DemoApp/relay-server-nodejs/e2e/tests/login.spec.ts:56:31

    Error Context: ../../test-results/artifacts/login-API-connectivity-pre-c6bdd-urns-401-for-wrong-password-chromium-retry1/error-context.md

    attachment #2: trace (application/zip) ─────────────────────────────────────────────────────────
    ../../test-results/artifacts/login-API-connectivity-pre-c6bdd-urns-401-for-wrong-password-chromium-retry1/trace.zip
    Usage:

        npx playwright show-trace ../../test-results/artifacts/login-API-connectivity-pre-c6bdd-urns-401-for-wrong-password-chromium-retry1/trace.zip

    ────────────────────────────────────────────────────────────────────────────────────────────────
]]>
</failure>
</testcase>
<testcase name="API connectivity pre-checks › login endpoint returns 401 for non-existent user" classname="login.spec.ts" time="0.08">
<system-out>
<![CDATA[
[[ATTACHMENT|artifacts/login-API-connectivity-pre-028d5-s-401-for-non-existent-user-chromium/error-context.md]]

[[ATTACHMENT|artifacts/login-API-connectivity-pre-028d5-s-401-for-non-existent-user-chromium-retry1/error-context.md]]

[[ATTACHMENT|artifacts/login-API-connectivity-pre-028d5-s-401-for-non-existent-user-chromium-retry1/trace.zip]]
]]>
</system-out>
<failure message="expect(received).toBe(expected) // Object.is equality" type="expect.toBe">
<![CDATA[  [chromium] › login.spec.ts:63:7 › API connectivity pre-checks › login endpoint returns 401 for non-existent user 

    Error: expect(received).toBe(expected) // Object.is equality

    Expected: 401
    Received: 404

      66 |       data: { email: 'no_such_user@example.com', password: 'SomePassword1!' },
      67 |     });
    > 68 |     expect(response.status()).toBe(401);
         |                               ^
      69 |     await ctx.dispose();
      70 |   });
      71 |
        at /Users/gautam/Desktop/SG ALL/DemoApp/relay-server-nodejs/e2e/tests/login.spec.ts:68:31

    Error Context: ../../test-results/artifacts/login-API-connectivity-pre-028d5-s-401-for-non-existent-user-chromium/error-context.md

    Retry #1 ───────────────────────────────────────────────────────────────────────────────────────

    Error: expect(received).toBe(expected) // Object.is equality

    Expected: 401
    Received: 404

      66 |       data: { email: 'no_such_user@example.com', password: 'SomePassword1!' },
      67 |     });
    > 68 |     expect(response.status()).toBe(401);
         |                               ^
      69 |     await ctx.dispose();
      70 |   });
      71 |
        at /Users/gautam/Desktop/SG ALL/DemoApp/relay-server-nodejs/e2e/tests/login.spec.ts:68:31

    Error Context: ../../test-results/artifacts/login-API-connectivity-pre-028d5-s-401-for-non-existent-user-chromium-retry1/error-context.md

    attachment #2: trace (application/zip) ─────────────────────────────────────────────────────────
    ../../test-results/artifacts/login-API-connectivity-pre-028d5-s-401-for-non-existent-user-chromium-retry1/trace.zip
    Usage:

        npx playwright show-trace ../../test-results/artifacts/login-API-connectivity-pre-028d5-s-401-for-non-existent-user-chromium-retry1/trace.zip

    ────────────────────────────────────────────────────────────────────────────────────────────────
]]>
</failure>
</testcase>
<testcase name="API connectivity pre-checks › login endpoint accepts valid credentials and returns JWT" classname="login.spec.ts" time="0.079">
<system-out>
<![CDATA[
[[ATTACHMENT|artifacts/login-API-connectivity-pre-e7ff7-credentials-and-returns-JWT-chromium/error-context.md]]

[[ATTACHMENT|artifacts/login-API-connectivity-pre-e7ff7-credentials-and-returns-JWT-chromium-retry1/error-context.md]]

[[ATTACHMENT|artifacts/login-API-connectivity-pre-e7ff7-credentials-and-returns-JWT-chromium-retry1/trace.zip]]
]]>
</system-out>
<failure message="expect(received).toBe(expected) // Object.is equality" type="expect.toBe">
<![CDATA[  [chromium] › login.spec.ts:72:7 › API connectivity pre-checks › login endpoint accepts valid credentials and returns JWT 

    Error: expect(received).toBe(expected) // Object.is equality

    Expected: 200
    Received: 404

      75 |       data: { email: VALID_EMAIL, password: VALID_PASSWORD },
      76 |     });
    > 77 |     expect(response.status()).toBe(200);
         |                               ^
      78 |     const body = await response.json();
      79 |     expect(body).toHaveProperty('data');
      80 |     expect(body.data).toHaveProperty('token');
        at /Users/gautam/Desktop/SG ALL/DemoApp/relay-server-nodejs/e2e/tests/login.spec.ts:77:31

    Error Context: ../../test-results/artifacts/login-API-connectivity-pre-e7ff7-credentials-and-returns-JWT-chromium/error-context.md

    Retry #1 ───────────────────────────────────────────────────────────────────────────────────────

    Error: expect(received).toBe(expected) // Object.is equality

    Expected: 200
    Received: 404

      75 |       data: { email: VALID_EMAIL, password: VALID_PASSWORD },
      76 |     });
    > 77 |     expect(response.status()).toBe(200);
         |                               ^
      78 |     const body = await response.json();
      79 |     expect(body).toHaveProperty('data');
      80 |     expect(body.data).toHaveProperty('token');
        at /Users/gautam/Desktop/SG ALL/DemoApp/relay-server-nodejs/e2e/tests/login.spec.ts:77:31

    Error Context: ../../test-results/artifacts/login-API-connectivity-pre-e7ff7-credentials-and-returns-JWT-chromium-retry1/error-context.md

    attachment #2: trace (application/zip) ─────────────────────────────────────────────────────────
    ../../test-results/artifacts/login-API-connectivity-pre-e7ff7-credentials-and-returns-JWT-chromium-retry1/trace.zip
    Usage:

        npx playwright show-trace ../../test-results/artifacts/login-API-connectivity-pre-e7ff7-credentials-and-returns-JWT-chromium-retry1/trace.zip

    ────────────────────────────────────────────────────────────────────────────────────────────────
]]>
</failure>
</testcase>
</testsuite>
</testsuites>